// Jest Snapshot v1, https://goo.gl/fbAQLP

exports[`MainPage.vue should render Foot coponent 1`] = `
<div id="home">
  <header class="header">
    <h1>Meetup page</h1>
    <nav></nav>
  </header>
  <section id="main-page">
    <h2 class="title">Eventpage</h2>
    <section class="search-section"><input type="text" class="css-input"></section>
  </section>
  <section id="foot">
    <h1>footer</h1>
    <ul>
      <li></li>
      <li></li>
      <li></li>
      <li></li>
      <li></li>
      <li></li>
    </ul>
  </section>
</div>
`;
